<?xml version="1.0" encoding="utf-8"?><testsuites name="pytest tests"><testsuite name="pytest" errors="0" failures="0" skipped="0" tests="0" time="0.204" timestamp="2026-07-24T22:04:48.749887+07:00" hostname="DESKTOP-BHGVQF9" /></testsuites>